// Jest Snapshot v1, https://goo.gl/fbAQLP

exports[`renders a WorkloadItem 1`] = `
<Fragment>
  <h6 />
  <table>
    <thead>
      <tr>
        <th>
          NAME
        </th>
      </tr>
    </thead>
    <tbody>
      <Connect(ResourceItem)
        key="api/kube/apis/undefined/namespaces/default/deployments/foo"
        resourceRef={
          ResourceRef {
            "apiVersion": undefined,
            "kind": "Deployment",
            "name": "foo",
            "namespace": "default",
          }
        }
        statusFields={Array []}
      />
    </tbody>
  </table>
</Fragment>
`;
