// Jest Snapshot v1, https://goo.gl/fbAQLP

exports[`renders the secret datum (hidden by default) 1`] = `
<SecretItemDatum
  name="foo"
  value="YmFy"
>
  <Row
    list={false}
  >
    <div
      className="clr-row"
    >
      <Column
        listItem={false}
        span={1}
      >
        <div
          className="clr-col-1"
        >
          <button
            aria-controls="secret-item-datum-foo-ref"
            aria-expanded={false}
            aria-label="Show Secret"
            className="secret-datum-icon"
            onClick={[Function]}
          >
            <ReactWrapperComponent
              shape="eye"
              size="md"
              solid={true}
            >
              <cds-icon />
            </ReactWrapperComponent>
          </button>
        </div>
      </Column>
      <Column
        listItem={false}
        span={11}
      >
        <div
          className="clr-col-11"
        >
          <div
            className="secret-datum-text"
            id="secret-item-datum-foo-ref"
          >
            <span>
              foo
              : 
              3 bytes
            </span>
          </div>
        </div>
      </Column>
    </div>
  </Row>
</SecretItemDatum>
`;
