// Jest Snapshot v1, https://goo.gl/fbAQLP

exports[`renders a simple view without IP 1`] = `
<tr>
  <td>
    foo
  </td>
  <td>
    <a
      href="None"
      key="None"
      target="_blank"
    >
      <span
        className="ServiceItem__url padding-tiny padding-h-normal type-small margin-r-small"
      >
        None
      </span>
    </a>
  </td>
</tr>
`;

exports[`renders an extended view with IP 1`] = `
<tr>
  <td>
    foo
  </td>
  <td>
    LoadBalancer
  </td>
  <td />
  <td>
    1.2.3.4
  </td>
  <td>
    80/http
  </td>
</tr>
`;
