// Jest Snapshot v1, https://goo.gl/fbAQLP

exports[`when loaded is false matches the snapshot 1`] = `
<Spinner
  center={true}
  inline={false}
  inverse={false}
  medium={false}
  small={false}
  text="Loading..."
/>
`;

exports[`when loaded is true matches the snapshot 1`] = `<ChildrenComponent />`;
