// Jest Snapshot v1, https://goo.gl/fbAQLP

exports[`renders the header 1`] = `
<header>
  <div
    className="ChartView__heading margin-normal row"
  >
    <div
      className="col-1 ChartHeader__icon"
    >
      <div
        className="ChartIcon"
      >
        <img
          alt="icon"
          className="ChartIcon__img"
          src="/path/to/icon.png"
        />
      </div>
    </div>
    <div
      className="col-9"
    >
      <div
        className="title margin-l-small"
      >
        <h1
          className="margin-t-reset"
        >
          foo
        </h1>
        <h5
          className="subtitle margin-b-normal"
        >
          <span>
            1.0.0
             - Provided by 
          </span>
          <Link
            to="/c/default/ns/kubeapps/operators"
          >
            Kubeapps
          </Link>
        </h5>
        <h5
          className="subtitle margin-b-reset"
        >
          this is a description
        </h5>
      </div>
    </div>
    <div
      className="col-2 ChartHeader__button"
    >
      <button
        className="button button-primary button-accent"
        onClick={[Function]}
      >
        Deploy
      </button>
    </div>
  </div>
  <hr />
</header>
`;
