// Jest Snapshot v1, https://goo.gl/fbAQLP

exports[`renders information about the binding with a secret 1`] = `
<dl
  className="BindingDetails container margin-normal"
>
  <dt
    key="bar"
  >
    bar
     
    <button
      className="button"
      onClick={[Function]}
      type="button"
    >
      (show)
    </button>
  </dt>
  <TerminalModal
    closeModal={[Function]}
    message="mySecret: content

"
    modalIsOpen={false}
    title="Secret: bar"
  />
</dl>
`;
