// Jest Snapshot v1, https://goo.gl/fbAQLP

exports[`renders the heading passed to it 1`] = `
<header>
  <div
    className="margin-b-big"
  >
    <h5
      className="type-regular"
    >
      <span
        className="error__icon margin-r-small"
      >
        <AlertTriangle
          color="currentColor"
          size="24"
        />
      </span>
      test
    </h5>
  </div>
</header>
`;
