// Jest Snapshot v1, https://goo.gl/fbAQLP

exports[`renderization should render an error if no charts are found 1`] = `
<NotFoundErrorPage
  resource="Charts"
>
  <div>
    Manage your Helm chart repositories in Kubeapps by visiting the
     
    <Link
      replace={false}
      to="/config/repos"
    >
      App repositories configuration
    </Link>
     page.
  </div>
</NotFoundErrorPage>
`;

exports[`renderization should render the list of charts 1`] = `
<section
  className="ChartList"
>
  <PageHeader>
    <h1>
      Charts
    </h1>
    <SearchFilter
      className="margin-l-big"
      onChange={[Function]}
      onSubmit={[MockFunction]}
      placeholder="search charts..."
      value=""
    />
  </PageHeader>
  <CardGrid>
    <ChartListItem
      chart={
        Object {
          "attributes": Object {},
          "id": "foo",
        }
      }
      key="foo"
    />
    <ChartListItem
      chart={
        Object {
          "attributes": Object {},
          "id": "bar",
        }
      }
      key="bar"
    />
  </CardGrid>
</section>
`;
