// Jest Snapshot v1, https://goo.gl/fbAQLP

exports[`renders a secret (hidden by default) 1`] = `
<tr
  className="flex"
>
  <td
    className="col-2"
  >
    secret-one
  </td>
  <td
    className="col-2"
  >
    Opaque
  </td>
  <td
    className="col-7 padding-small"
  >
    <span
      className="flex"
      key="foo"
    >
      <a
        onClick={[Function]}
      >
        <Eye
          color="currentColor"
          size="24"
        />
      </a>
      <span
        className="flex margin-l-normal"
      >
        <span>
          foo
          :
        </span>
        <span
          className="margin-l-small"
        >
          3
           bytes
        </span>
      </span>
    </span>
  </td>
</tr>
`;
