// Jest Snapshot v1, https://goo.gl/fbAQLP

exports[`when loading is true loading spinner matches the snapshot 1`] = `
<Fragment>
  <CdsModal
    closable={true}
    onCloseChange={[MockFunction]}
    size="default"
  >
    <div
      className="center"
    >
      <CdsModalContent>
        <p>
          Loading, please wait
        </p>
        <div
          className="center"
        >
          <LoadingWrapper
            loaded={false}
          />
        </div>
      </CdsModalContent>
    </div>
  </CdsModal>
</Fragment>
`;
